12:07:24 INFO m:opm-operator: dry run - no changes will be made
12:07:24 INFO m:opm-operator: deleting resources in namespace "opm-operator-system"
12:07:24 INFO m:opm-operator: r:Deployment/opm-operator-system/opm-operator-controller-manager  = unchanged
12:07:24 INFO m:opm-operator: r:Service/opm-operator-system/opm-operator-controller-manager-metrics-service  = unchanged
12:07:24 INFO m:opm-operator: r:ServiceAccount/opm-operator-system/opm-operator-controller-manager  = unchanged
12:07:24 INFO m:opm-operator: r:Role/opm-operator-system/opm-operator-leader-election-role  = unchanged
12:07:24 INFO m:opm-operator: r:RoleBinding/opm-operator-system/opm-operator-leader-election-role  = unchanged
12:07:24 INFO m:opm-operator: r:ClusterRole/opm-operator-manager-role           = unchanged
12:07:24 INFO m:opm-operator: r:ClusterRoleBinding/opm-operator-manager-role    = unchanged
12:07:24 INFO m:opm-operator: r:ClusterRole/opm-operator-metrics-auth-role      = unchanged
12:07:24 INFO m:opm-operator: r:ClusterRoleBinding/opm-operator-metrics-auth-role  = unchanged
12:07:24 INFO m:opm-operator: r:ClusterRole/opm-operator-metrics-reader         = unchanged
12:07:24 INFO m:opm-operator: r:ClusterRole/opm-operator-moduleinstance-admin-role  = unchanged
12:07:24 INFO m:opm-operator: r:ClusterRole/opm-operator-moduleinstance-editor-role  = unchanged
12:07:24 INFO m:opm-operator: r:ClusterRole/opm-operator-moduleinstance-viewer-role  = unchanged
12:07:24 INFO m:opm-operator: r:ClusterRole/opm-operator-transformerregistration-admin-role  = unchanged
12:07:24 WARN m:opm-operator: r:Namespace/opm-operator-system                   ! left behind reason="CRDs and Namespaces are never deleted"
12:07:24 WARN m:opm-operator: r:CustomResourceDefinition/moduleinstances.opmodel.dev  ! left behind reason="CRDs and Namespaces are never deleted"
12:07:24 WARN m:opm-operator: r:CustomResourceDefinition/modulepackages.opmodel.dev  ! left behind reason="CRDs and Namespaces are never deleted"
12:07:24 WARN m:opm-operator: r:CustomResourceDefinition/platforms.opmodel.dev  ! left behind reason="CRDs and Namespaces are never deleted"
12:07:24 WARN m:opm-operator: r:CustomResourceDefinition/transformerregistrations.opmodel.dev  ! left behind reason="CRDs and Namespaces are never deleted"
12:07:24 INFO m:opm-operator: dry run complete: 14 resources would be deleted, 5 left behind
