12:08:08 INFO platform: cluster Platform CR cluster (effective registry, package gen-1, generated module ~/.opm/cache/platforms/64fdf33fc12a0b6faa57369c4b3f08bfeaf1438fea55243762c4935cea4b59b4)
12:08:10 INFO m:opm-operator: ▸ namespace ← opmodel.dev/catalogs/opm/transformers/namespace-transformer@4.5.2
12:08:10 INFO m:opm-operator: ▸ crds ← opmodel.dev/catalogs/opm/transformers/crd-transformer@4.5.2
12:08:10 INFO m:opm-operator: ▸ controller-manager ← opmodel.dev/catalogs/opm/transformers/serviceaccount-resource-transformer@4.5.2
12:08:10 INFO m:opm-operator: ▸ controller-manager ← opmodel.dev/catalogs/opm/transformers/deployment-transformer@4.5.2
12:08:10 INFO m:opm-operator: ▸ controller-manager ← opmodel.dev/catalogs/opm/transformers/pvc-transformer@4.5.2
12:08:10 INFO m:opm-operator: ▸ controller-manager ← opmodel.dev/catalogs/opm/transformers/hpa-transformer@4.5.2
12:08:10 INFO m:opm-operator: ▸ controller-manager ← opmodel.dev/catalogs/opm/transformers/service-transformer@4.5.2
12:08:10 INFO m:opm-operator: ▸ manager-rbac ← opmodel.dev/catalogs/opm/transformers/role-transformer@4.5.2
12:08:10 INFO m:opm-operator: ▸ metrics-auth-rbac ← opmodel.dev/catalogs/opm/transformers/role-transformer@4.5.2
12:08:10 INFO m:opm-operator: ▸ leader-election ← opmodel.dev/catalogs/opm/transformers/role-transformer@4.5.2
12:08:10 INFO m:opm-operator: ▸ unbound-cluster-roles ← opmodel.dev/catalogs/opm/transformers/objects-transformer@4.5.2
customresourcedefinition.apiextensions.k8s.io/moduleinstances.opmodel.dev serverside-applied
customresourcedefinition.apiextensions.k8s.io/modulepackages.opmodel.dev serverside-applied
customresourcedefinition.apiextensions.k8s.io/platforms.opmodel.dev serverside-applied
customresourcedefinition.apiextensions.k8s.io/transformerregistrations.opmodel.dev serverside-applied
customresourcedefinition.apiextensions.k8s.io/moduleinstances.opmodel.dev condition met
customresourcedefinition.apiextensions.k8s.io/modulepackages.opmodel.dev condition met
customresourcedefinition.apiextensions.k8s.io/platforms.opmodel.dev condition met
customresourcedefinition.apiextensions.k8s.io/transformerregistrations.opmodel.dev condition met
12:08:10 INFO platform: cluster Platform CR cluster (effective registry, package gen-1, generated module ~/.opm/cache/platforms/64fdf33fc12a0b6faa57369c4b3f08bfeaf1438fea55243762c4935cea4b59b4)
12:08:12 INFO m:opm-operator: ▸ namespace ← opmodel.dev/catalogs/opm/transformers/namespace-transformer@4.5.2
12:08:12 INFO m:opm-operator: ▸ crds ← opmodel.dev/catalogs/opm/transformers/crd-transformer@4.5.2
12:08:12 INFO m:opm-operator: ▸ controller-manager ← opmodel.dev/catalogs/opm/transformers/serviceaccount-resource-transformer@4.5.2
12:08:12 INFO m:opm-operator: ▸ controller-manager ← opmodel.dev/catalogs/opm/transformers/deployment-transformer@4.5.2
12:08:12 INFO m:opm-operator: ▸ controller-manager ← opmodel.dev/catalogs/opm/transformers/pvc-transformer@4.5.2
12:08:12 INFO m:opm-operator: ▸ controller-manager ← opmodel.dev/catalogs/opm/transformers/hpa-transformer@4.5.2
12:08:12 INFO m:opm-operator: ▸ controller-manager ← opmodel.dev/catalogs/opm/transformers/service-transformer@4.5.2
12:08:12 INFO m:opm-operator: ▸ manager-rbac ← opmodel.dev/catalogs/opm/transformers/role-transformer@4.5.2
12:08:12 INFO m:opm-operator: ▸ metrics-auth-rbac ← opmodel.dev/catalogs/opm/transformers/role-transformer@4.5.2
12:08:12 INFO m:opm-operator: ▸ leader-election ← opmodel.dev/catalogs/opm/transformers/role-transformer@4.5.2
12:08:12 INFO m:opm-operator: ▸ unbound-cluster-roles ← opmodel.dev/catalogs/opm/transformers/objects-transformer@4.5.2
12:08:12 WARN skipping operator-version ceiling check: CLI version is not a released semver version=dev
12:08:12 INFO m:opm-operator: applying 19 resources
12:08:12 INFO m:opm-operator: r:CustomResourceDefinition/moduleinstances.opmodel.dev  = unchanged
12:08:12 INFO m:opm-operator: r:CustomResourceDefinition/modulepackages.opmodel.dev  = unchanged
12:08:12 INFO m:opm-operator: r:CustomResourceDefinition/platforms.opmodel.dev  = unchanged
12:08:12 INFO m:opm-operator: r:CustomResourceDefinition/transformerregistrations.opmodel.dev  = unchanged
12:08:12 INFO m:opm-operator: r:Namespace/opm-operator-system                   = unchanged
12:08:12 INFO m:opm-operator: waiting for 4 CustomResourceDefinition(s) to be established
12:08:12 INFO m:opm-operator: r:ClusterRole/opm-operator-manager-role           + created
12:08:12 INFO m:opm-operator: r:ClusterRoleBinding/opm-operator-manager-role    + created
12:08:12 INFO m:opm-operator: r:ClusterRole/opm-operator-metrics-auth-role      + created
12:08:12 INFO m:opm-operator: r:ClusterRoleBinding/opm-operator-metrics-auth-role  + created
12:08:12 INFO m:opm-operator: r:ClusterRole/opm-operator-metrics-reader         + created
12:08:12 INFO m:opm-operator: r:ClusterRole/opm-operator-moduleinstance-admin-role  + created
12:08:12 INFO m:opm-operator: r:ClusterRole/opm-operator-moduleinstance-editor-role  + created
12:08:12 INFO m:opm-operator: r:ClusterRole/opm-operator-moduleinstance-viewer-role  + created
12:08:12 INFO m:opm-operator: r:ClusterRole/opm-operator-transformerregistration-admin-role  + created
12:08:12 INFO m:opm-operator: r:ServiceAccount/opm-operator-system/opm-operator-controller-manager  + created
12:08:12 INFO m:opm-operator: r:Role/opm-operator-system/opm-operator-leader-election-role  + created
12:08:12 INFO m:opm-operator: r:RoleBinding/opm-operator-system/opm-operator-leader-election-role  + created
12:08:12 INFO m:opm-operator: r:Service/opm-operator-system/opm-operator-controller-manager-metrics-service  + created
12:08:12 INFO m:opm-operator: r:Deployment/opm-operator-system/opm-operator-controller-manager  + created
12:08:12 INFO m:opm-operator: applied 19 resources successfully (14 created, 5 unchanged)
✔ Instance applied
12:08:12 INFO m:opm-operator: waiting for 19 resource(s) to become healthy timeout=5m0s
✔ Instance healthy
TIMING render+crds=2.4s instance-apply=14.0s total=16.4s
