12:17:25 INFO platform: cluster Platform CR cluster (effective registry, package gen-1, generated module ~/.opm/cache/platforms/64fdf33fc12a0b6faa57369c4b3f08bfeaf1438fea55243762c4935cea4b59b4)
12:17:27 INFO m:opm-operator: ▸ namespace ← opmodel.dev/catalogs/opm/transformers/namespace-transformer@4.5.2
12:17:27 INFO m:opm-operator: ▸ crds ← opmodel.dev/catalogs/opm/transformers/crd-transformer@4.5.2
12:17:27 INFO m:opm-operator: ▸ controller-manager ← opmodel.dev/catalogs/opm/transformers/serviceaccount-resource-transformer@4.5.2
12:17:27 INFO m:opm-operator: ▸ controller-manager ← opmodel.dev/catalogs/opm/transformers/deployment-transformer@4.5.2
12:17:27 INFO m:opm-operator: ▸ controller-manager ← opmodel.dev/catalogs/opm/transformers/pvc-transformer@4.5.2
12:17:27 INFO m:opm-operator: ▸ controller-manager ← opmodel.dev/catalogs/opm/transformers/hpa-transformer@4.5.2
12:17:27 INFO m:opm-operator: ▸ controller-manager ← opmodel.dev/catalogs/opm/transformers/service-transformer@4.5.2
12:17:27 INFO m:opm-operator: ▸ manager-rbac ← opmodel.dev/catalogs/opm/transformers/role-transformer@4.5.2
12:17:27 INFO m:opm-operator: ▸ metrics-auth-rbac ← opmodel.dev/catalogs/opm/transformers/role-transformer@4.5.2
12:17:27 INFO m:opm-operator: ▸ leader-election ← opmodel.dev/catalogs/opm/transformers/role-transformer@4.5.2
12:17:27 INFO m:opm-operator: ▸ unbound-cluster-roles ← opmodel.dev/catalogs/opm/transformers/objects-transformer@4.5.2
Apply failed with 1 conflict: conflict with "opm-controller": .metadata.labels.app.kubernetes.io/managed-by
Please review the fields above--they currently have other managers. Here
are the ways you can resolve this warning:
* If you intend to manage all of these fields, please re-run the apply
  command with the `--force-conflicts` flag.
* If you do not intend to manage all of the fields, please edit your
  manifest to remove references to the fields that should keep their
  current managers.
* You may co-own fields by updating your manifest to match the existing
  value; in this case, you'll become the manager if the other manager(s)
  stop managing the field (remove it from their configuration).
See https://kubernetes.io/docs/reference/using-api/server-side-apply/#conflicts
Apply failed with 1 conflict: conflict with "opm-controller": .metadata.labels.app.kubernetes.io/managed-by
Please review the fields above--they currently have other managers. Here
are the ways you can resolve this warning:
* If you intend to manage all of these fields, please re-run the apply
  command with the `--force-conflicts` flag.
* If you do not intend to manage all of the fields, please edit your
  manifest to remove references to the fields that should keep their
  current managers.
* You may co-own fields by updating your manifest to match the existing
  value; in this case, you'll become the manager if the other manager(s)
  stop managing the field (remove it from their configuration).
See https://kubernetes.io/docs/reference/using-api/server-side-apply/#conflicts
Apply failed with 1 conflict: conflict with "opm-controller": .metadata.labels.app.kubernetes.io/managed-by
Please review the fields above--they currently have other managers. Here
are the ways you can resolve this warning:
* If you intend to manage all of these fields, please re-run the apply
  command with the `--force-conflicts` flag.
* If you do not intend to manage all of the fields, please edit your
  manifest to remove references to the fields that should keep their
  current managers.
* You may co-own fields by updating your manifest to match the existing
  value; in this case, you'll become the manager if the other manager(s)
  stop managing the field (remove it from their configuration).
See https://kubernetes.io/docs/reference/using-api/server-side-apply/#conflicts
Apply failed with 1 conflict: conflict with "opm-controller": .metadata.labels.app.kubernetes.io/managed-by
Please review the fields above--they currently have other managers. Here
are the ways you can resolve this warning:
* If you intend to manage all of these fields, please re-run the apply
  command with the `--force-conflicts` flag.
* If you do not intend to manage all of the fields, please edit your
  manifest to remove references to the fields that should keep their
  current managers.
* You may co-own fields by updating your manifest to match the existing
  value; in this case, you'll become the manager if the other manager(s)
  stop managing the field (remove it from their configuration).
See https://kubernetes.io/docs/reference/using-api/server-side-apply/#conflicts
